// Jest Snapshot v1, https://goo.gl/fbAQLP

exports[`<Main/> should renmder the heading 1`] = `
<main>
  <h1>
    Hello World
  </h1>
</main>
`;
